Error
Unkown command.
File: ps.as	Line: 8
